error0
error1
error2
